../Drivers/CMSIS/Include/core_cm4.h:2059:26:ITM_SendChar	16	static,ignoring_inline_asm
../Core/Src/main.c:59:5:_write	32	static
../Core/Src/main.c:66:6:delay	16	static
../Core/Src/main.c:83:6:HAL_TIM_IC_CaptureCallback	16	static
../Core/Src/main.c:120:6:HCSR04_Read	8	static
../Core/Src/main.c:134:5:main	24	static
../Core/Src/main.c:187:6:SystemClock_Config	96	static
../Core/Src/main.c:237:13:MX_TIM1_Init	40	static
../Core/Src/main.c:287:13:MX_GPIO_Init	40	static
../Core/Src/main.c:319:6:Error_Handler	4	static,ignoring_inline_asm
